%!Adobe-FontList 1.16
%Locale:0x2c0a

%BeginFont
Handler:DirectoryHandler
FontType:TrueType
FontName:ArialMT
FamilyName:Arial
StyleName:Regular
FullName:Arial
MenuName:Arial
StyleBits:0
WritingScript:Roman
OutlineFileName:\\parana\Phases3\Hubspot\Projects\2015\08\175 - 5 Ebook Templates\25_From_2nd_DTP\Template-1\Template-1-IND\Document fonts\arial.ttf
DataFormat:sfntData
FileLength:773852
FileModTime:1400483505
WeightClass:400
WidthClass:5
AngleClass:0
NameArray:0,Mac,4,Arial
NameArray:0,Win,1,Arial
%EndFont

%BeginFont
Handler:DirectoryHandler
FontType:TrueType
FontName:Arial-BoldMT
FamilyName:Arial
StyleName:Bold
FullName:Arial Bold
MenuName:Arial
StyleBits:2
WritingScript:Roman
OutlineFileName:\\parana\Phases3\Hubspot\Projects\2015\08\175 - 5 Ebook Templates\25_From_2nd_DTP\Template-1\Template-1-IND\Document fonts\arialbd.ttf
DataFormat:sfntData
FileLength:750216
FileModTime:1400483505
WeightClass:700
WidthClass:5
AngleClass:0
NameArray:0,Mac,4,Arial Bold
NameArray:0,Win,1,Arial
%EndFont

%BeginFont
Handler:DirectoryHandler
FontType:TrueType
FontName:Arial-ItalicMT
FamilyName:Arial
StyleName:Italic
FullName:Arial Italic
MenuName:Arial
StyleBits:1
WritingScript:Roman
OutlineFileName:\\parana\Phases3\Hubspot\Projects\2015\08\175 - 5 Ebook Templates\25_From_2nd_DTP\Template-1\Template-1-IND\Document fonts\ariali.ttf
DataFormat:sfntData
FileLength:557004
FileModTime:1400483505
WeightClass:400
WidthClass:5
AngleClass:1
NameArray:0,Mac,4,Arial Italic
NameArray:0,Win,1,Arial
%EndFont

%BeginFont
Handler:DirectoryHandler
FontType:TrueType
FontName:Calibri
FamilyName:Calibri
StyleName:Regular
FullName:Calibri
MenuName:Calibri
StyleBits:0
WritingScript:Roman
OutlineFileName:\\parana\Phases3\Hubspot\Projects\2015\08\175 - 5 Ebook Templates\25_From_2nd_DTP\Template-1\Template-1-IND\Document fonts\calibri.ttf
DataFormat:sfntData
FileLength:811820
FileModTime:1443010038
WeightClass:400
WidthClass:5
AngleClass:0
NameArray:0,Mac,4,Calibri
NameArray:0,Win,1,Calibri
%EndFont

%BeginFont
Handler:DirectoryHandler
FontType:TrueType
FontName:LucidaGrande
FamilyName:Lucida Grande
StyleName:Regular
FullName:Lucida Grande
MenuName:Lucida Grande
StyleBits:0
WritingScript:Roman
OutlineFileName:\\parana\Phases3\Hubspot\Projects\2015\08\175 - 5 Ebook Templates\25_From_2nd_DTP\Template-1\Template-1-IND\Document fonts\LUCIDAGRANDE.TTF
DataFormat:sfntData
FileLength:658912
FileModTime:1447863007
WeightClass:550
WidthClass:5
AngleClass:0
NameArray:0,Mac,4,Lucida Grande
NameArray:0,Win,1,Lucida Grande
%EndFont

%BeginFont
Handler:DirectoryHandler
FontType:Type1
FontName:MinionPro-Regular
FamilyName:Minion Pro
StyleName:Regular
FullName:Minion Pro
MenuName:Minion Pro
StyleBits:0
WritingScript:Roman
OutlineFileName:\\parana\Phases3\Hubspot\Projects\2015\08\175 - 5 Ebook Templates\25_From_2nd_DTP\Template-1\Template-1-IND\Document fonts\MinionPro-Regular.otf
DataFormat:sfntData
UsesStandardEncoding:yes
isCFF:yes
FileLength:218640
FileModTime:1361542580
WeightClass:400
WidthClass:5
AngleClass:0
DesignSize:110
NameArray:0,Mac,4,Minion Pro
NameArray:0,Win,1,Minion Pro
%EndFont

%BeginFont
Handler:DirectoryHandler
FontType:Type1
FontName:Museo-300
FamilyName:Museo
StyleName:300
FullName:Museo 300
MenuName:Museo 300
StyleBits:0
WritingScript:Roman
OutlineFileName:\\parana\Phases3\Hubspot\Projects\2015\08\175 - 5 Ebook Templates\25_From_2nd_DTP\Template-1\Template-1-IND\Document fonts\Museo300-Regular.otf
DataFormat:sfntData
UsesStandardEncoding:yes
isCFF:yes
FileLength:127096
FileModTime:1447862414
WeightClass:300
WidthClass:5
AngleClass:0
NameArray:0,Mac,4,Museo 300
NameArray:0,Win,1,Museo 300
NameArray:0,Win,16,Museo
%EndFont

